// Jest Snapshot v1, https://goo.gl/fbAQLP

exports[`redux-lifesaver actionThrottled returns the expected action shape 1`] = `
Object {
  "action": Object {
    "type": "SOME_ACTION",
  },
  "type": "@@lifesaver/ACTION_THROTTLED",
}
`;

exports[`redux-lifesaver logs a warning to the console if the dispatch limit is exceeded within the configured limit duration 1`] = `"Over-exuberant dispatching of TEST_ACTION, throttling"`;
